<html>
<body>
<pre>
<h1>µVision Build Log</h1>
<h2>Project:</h2>
C:\Keil\EE445L\Lab7EE445L\Lab7EE445L\ADCPrintResults.uvproj
Project File Date:  11/01/2017

<h2>Output:</h2>
Rebuild target 'ADCPrintResults'
assembling startup.s...
compiling UART.c...
compiling main.c...
ADCSWTrigger.h(90): warning:  #1-D: last line of file ends without a newline
  uint32_t ADC0_InSeq1(void);
main.c: 1 warning, 0 errors
compiling ADCSWTrigger.c...
ADCSWTrigger.h(90): warning:  #1-D: last line of file ends without a newline
  uint32_t ADC0_InSeq1(void);
ADCSWTrigger.c(158): warning:  #1-D: last line of file ends without a newline
  }
ADCSWTrigger.c: 2 warnings, 0 errors
compiling PLL.c...
compiling Peltier.c...
compiling WaterLevel.c...
compiling ESP8266.c...
compiling LightSensor.c...
compiling TemperatureSensor.c...
linking...
Program Size: Code=1912 RO-data=32 RW-data=12 ZI-data=1124  
".\ADCPrintResults.axf" - 0 Error(s), 3 Warning(s).
Load "C:\\Keil\\EE445L\\Lab7EE445L\\Lab7EE445L\\ADCPrintResults.axf" 
Connecting: Mode=JTAG, Speed=1000000Hz
Erase Done.
Programming Done.
Verify OK.
</pre>
</body>
</html>
